data-action="retry"
data-nav-to="_placeholder:atm-locator"
data-nav-to="account-holder"
data-nav-to="accounts"
data-nav-to="beneficiaries"
data-nav-to="direct-debits"
data-nav-to="home"
data-nav-to="product"
data-nav-to="scheduled-payments"
data-nav-to="send-money"
data-nav-to="settings"
data-nav-to="standing-orders"
data-nav-to="transactions"
